This is pdfTeX, Version 3.141592653-2.6-1.40.25 (TeX Live 2023/Debian) (preloaded format=pdflatex 2025.6.24)  23 SEP 2025 15:45
entering extended mode
 \write18 enabled.
 %&-line parsing enabled.
**report/report.tex
(./report/report.tex
LaTeX2e <2023-11-01> patch level 1
L3 programming layer <2024-01-22>
(/usr/share/texlive/texmf-dist/tex/latex/base/report.cls
Document Class: report 2023/05/17 v1.4n Standard LaTeX document class
(/usr/share/texlive/texmf-dist/tex/latex/base/size10.clo
File: size10.clo 2023/05/17 v1.4n Standard LaTeX file (size option)
)
\c@part=\count187
\c@chapter=\count188
\c@section=\count189
\c@subsection=\count190
\c@subsubsection=\count191
\c@paragraph=\count192
\c@subparagraph=\count193
\c@figure=\count194
\c@table=\count195
\abovecaptionskip=\skip48
\belowcaptionskip=\skip49
\bibindent=\dimen140
)
(./report/preamble.tex
(/usr/share/texlive/texmf-dist/tex/generic/babel/babel.sty
Package: babel 2024/01/07 v24.1 The Babel package
\babel@savecnt=\count196
\U@D=\dimen141
\l@unhyphenated=\language5

(/usr/share/texlive/texmf-dist/tex/generic/babel/txtbabel.def)
\bbl@readstream=\read2
\bbl@dirlevel=\count197

(/usr/share/texlive/texmf-dist/tex/generic/babel-english/english.ldf
Language: english 2017/06/06 v3.3r English support from the babel system
Package babel Info: Hyphen rules for 'british' set to \l@english
(babel)             (\language0). Reported on input line 82.
Package babel Info: Hyphen rules for 'UKenglish' set to \l@english
(babel)             (\language0). Reported on input line 83.
Package babel Info: Hyphen rules for 'canadian' set to \l@english
(babel)             (\language0). Reported on input line 102.
Package babel Info: Hyphen rules for 'australian' set to \l@english
(babel)             (\language0). Reported on input line 105.
Package babel Info: Hyphen rules for 'newzealand' set to \l@english
(babel)             (\language0). Reported on input line 108.
))
(/usr/share/texlive/texmf-dist/tex/generic/babel/locale/en/babel-english.tex
Package babel Info: Importing font and identification data for english
(babel)             from babel-en.ini. Reported on input line 11.
)
(/usr/share/texlive/texmf-dist/tex/latex/base/inputenc.sty
Package: inputenc 2021/02/14 v1.3d Input encoding file
\inpenc@prehook=\toks17
\inpenc@posthook=\toks18
)

! LaTeX Error: File `float.sty' not found.

Type X to quit or <RETURN> to proceed,
or enter new name. (Default extension: sty)

Enter file name: 
(/usr/share/texlive/texmf-dist/tex/latex/amsmath/amsmath.sty
Package: amsmath 2023/05/13 v2.17o AMS math features
\@mathmargin=\skip50

For additional information on amsmath, use the `?' option.
(/usr/share/texlive/texmf-dist/tex/latex/amsmath/amstext.sty
Package: amstext 2021/08/26 v2.01 AMS text

(/usr/share/texlive/texmf-dist/tex/latex/amsmath/amsgen.sty
File: amsgen.sty 1999/11/30 v2.0 generic functions
\@emptytoks=\toks19
\ex@=\dimen142
))
(/usr/share/texlive/texmf-dist/tex/latex/amsmath/amsbsy.sty
Package: amsbsy 1999/11/29 v1.2d Bold Symbols
\pmbraise@=\dimen143
)
(/usr/share/texlive/texmf-dist/tex/latex/amsmath/amsopn.sty
Package: amsopn 2022/04/08 v2.04 operator names
)
\inf@bad=\count198
LaTeX Info: Redefining \frac on input line 234.
\uproot@=\count199
\leftroot@=\count266
LaTeX Info: Redefining \overline on input line 399.
LaTeX Info: Redefining \colon on input line 410.
\classnum@=\count267
\DOTSCASE@=\count268
LaTeX Info: Redefining \ldots on input line 496.
LaTeX Info: Redefining \dots on input line 499.
LaTeX Info: Redefining \cdots on input line 620.
\Mathstrutbox@=\box51
\strutbox@=\box52
LaTeX Info: Redefining \big on input line 722.
LaTeX Info: Redefining \Big on input line 723.
LaTeX Info: Redefining \bigg on input line 724.
LaTeX Info: Redefining \Bigg on input line 725.
\big@size=\dimen144
LaTeX Font Info:    Redeclaring font encoding OML on input line 743.
LaTeX Font Info:    Redeclaring font encoding OMS on input line 744.
\macc@depth=\count269
LaTeX Info: Redefining \bmod on input line 905.
LaTeX Info: Redefining \pmod on input line 910.
LaTeX Info: Redefining \smash on input line 940.
LaTeX Info: Redefining \relbar on input line 970.
LaTeX Info: Redefining \Relbar on input line 971.
\c@MaxMatrixCols=\count270
\dotsspace@=\muskip16
\c@parentequation=\count271
\dspbrk@lvl=\count272
\tag@help=\toks20
\row@=\count273
\column@=\count274
\maxfields@=\count275
\andhelp@=\toks21
\eqnshift@=\dimen145
\alignsep@=\dimen146
\tagshift@=\dimen147
\tagwidth@=\dimen148
\totwidth@=\dimen149
\lineht@=\dimen150
\@envbody=\toks22
\multlinegap=\skip51
\multlinetaggap=\skip52
\mathdisplay@stack=\toks23
LaTeX Info: Redefining \[ on input line 2953.
LaTeX Info: Redefining \] on input line 2954.
)
(/usr/share/texlive/texmf-dist/tex/latex/graphics/graphicx.sty
Package: graphicx 2021/09/16 v1.2d Enhanced LaTeX Graphics (DPC,SPQR)

(/usr/share/texlive/texmf-dist/tex/latex/graphics/keyval.sty
Package: keyval 2022/05/29 v1.15 key=value parser (DPC)
\KV@toks@=\toks24
)
(/usr/share/texlive/texmf-dist/tex/latex/graphics/graphics.sty
Package: graphics 2022/03/10 v1.4e Standard LaTeX Graphics (DPC,SPQR)

(/usr/share/texlive/texmf-dist/tex/latex/graphics/trig.sty
Package: trig 2021/08/11 v1.11 sin cos tan (DPC)
)
(/usr/share/texlive/texmf-dist/tex/latex/graphics-cfg/graphics.cfg
File: graphics.cfg 2016/06/04 v1.11 sample graphics configuration
)
Package graphics Info: Driver file: pdftex.def on input line 107.

(/usr/share/texlive/texmf-dist/tex/latex/graphics-def/pdftex.def
File: pdftex.def 2022/09/22 v1.2b Graphics/color driver for pdftex
))
\Gin@req@height=\dimen151
\Gin@req@width=\dimen152
)

! LaTeX Error: File `todonotes.sty' not found.

Type X to quit or <RETURN> to proceed,
or enter new name. (Default extension: sty)

Enter file name: 
(/usr/share/texlive/texmf-dist/tex/latex/url/url.sty
\Urlmuskip=\muskip17
Package: url 2013/09/16  ver 3.4  Verb mode for urls, etc.
)
(/usr/share/texlive/texmf-dist/tex/latex/tools/array.sty
Package: array 2023/10/16 v2.5g Tabular extension package (FMi)
\col@sep=\dimen153
\ar@mcellbox=\box53
\extrarowheight=\dimen154
\NC@list=\toks25
\extratabsurround=\skip53
\backup@length=\skip54
\ar@cellbox=\box54
)
(/usr/share/texlive/texmf-dist/tex/latex/tools/tabularx.sty
Package: tabularx 2023/07/08 v2.11c `tabularx' package (DPC)
\TX@col@width=\dimen155
\TX@old@table=\dimen156
\TX@old@col=\dimen157
\TX@target=\dimen158
\TX@delta=\dimen159
\TX@cols=\count276
\TX@ftn=\toks26
)

! LaTeX Error: File `setspace.sty' not found.

Type X to quit or <RETURN> to proceed,
or enter new name. (Default extension: sty)

Enter file name: 

! LaTeX Error: File `abstract.sty' not found.

Type X to quit or <RETURN> to proceed,
or enter new name. (Default extension: sty)

Enter file name: 
(/usr/share/texlive/texmf-dist/tex/latex/base/fontenc.sty
Package: fontenc 2021/04/29 v2.0v Standard LaTeX package
)
(/usr/share/texlive/texmf-dist/tex/latex/geometry/geometry.sty
Package: geometry 2020/01/02 v5.9 Page Geometry

(/usr/share/texlive/texmf-dist/tex/generic/iftex/ifvtex.sty
Package: ifvtex 2019/10/25 v1.7 ifvtex legacy package. Use iftex instead.

(/usr/share/texlive/texmf-dist/tex/generic/iftex/iftex.sty
Package: iftex 2022/02/03 v1.0f TeX engine tests
))
\Gm@cnth=\count277
\Gm@cntv=\count278
\c@Gm@tempcnt=\count279
\Gm@bindingoffset=\dimen160
\Gm@wd@mp=\dimen161
\Gm@odd@mp=\dimen162
\Gm@even@mp=\dimen163
\Gm@layoutwidth=\dimen164
\Gm@layoutheight=\dimen165
\Gm@layouthoffset=\dimen166
\Gm@layoutvoffset=\dimen167
\Gm@dimlist=\toks27
)

! LaTeX Error: File `subfig.sty' not found.

Type X to quit or <RETURN> to proceed,
or enter new name. (Default extension: sty)

Enter file name: 

! LaTeX Error: File `listings.sty' not found.

Type X to quit or <RETURN> to proceed,
or enter new name. (Default extension: sty)

Enter file name: 
(/usr/share/texlive/texmf-dist/tex/latex/hyperref/hyperref.sty
Package: hyperref 2024-01-20 v7.01h Hypertext links for LaTeX

(/usr/share/texlive/texmf-dist/tex/latex/kvsetkeys/kvsetkeys.sty
Package: kvsetkeys 2022-10-05 v1.19 Key value parser (HO)
)
(/usr/share/texlive/texmf-dist/tex/generic/kvdefinekeys/kvdefinekeys.sty
Package: kvdefinekeys 2019-12-19 v1.6 Define keys (HO)
)
(/usr/share/texlive/texmf-dist/tex/generic/pdfescape/pdfescape.sty
Package: pdfescape 2019/12/09 v1.15 Implements pdfTeX's escape features (HO)

(/usr/share/texlive/texmf-dist/tex/generic/ltxcmds/ltxcmds.sty
Package: ltxcmds 2023-12-04 v1.26 LaTeX kernel commands for general use (HO)
)
(/usr/share/texlive/texmf-dist/tex/generic/pdftexcmds/pdftexcmds.sty
Package: pdftexcmds 2020-06-27 v0.33 Utility functions of pdfTeX for LuaTeX (HO
)

(/usr/share/texlive/texmf-dist/tex/generic/infwarerr/infwarerr.sty
Package: infwarerr 2019/12/03 v1.5 Providing info/warning/error messages (HO)
)
Package pdftexcmds Info: \pdf@primitive is available.
Package pdftexcmds Info: \pdf@ifprimitive is available.
Package pdftexcmds Info: \pdfdraftmode found.
))
(/usr/share/texlive/texmf-dist/tex/latex/hycolor/hycolor.sty
Package: hycolor 2020-01-27 v1.10 Color options for hyperref/bookmark (HO)
)
(/usr/share/texlive/texmf-dist/tex/latex/auxhook/auxhook.sty
Package: auxhook 2019-12-17 v1.6 Hooks for auxiliary files (HO)
)
(/usr/share/texlive/texmf-dist/tex/latex/hyperref/nameref.sty
Package: nameref 2023-11-26 v2.56 Cross-referencing by name of section

(/usr/share/texlive/texmf-dist/tex/latex/refcount/refcount.sty
Package: refcount 2019/12/15 v3.6 Data extraction from label references (HO)
)
(/usr/share/texlive/texmf-dist/tex/generic/gettitlestring/gettitlestring.sty
Package: gettitlestring 2019/12/15 v1.6 Cleanup title references (HO)

(/usr/share/texlive/texmf-dist/tex/latex/kvoptions/kvoptions.sty
Package: kvoptions 2022-06-15 v3.15 Key value format for package options (HO)
))
\c@section@level=\count280
)

! LaTeX Error: File `etoolbox.sty' not found.

Type X to quit or <RETURN> to proceed,
or enter new name. (Default extension: sty)

Enter file name: 
\@linkdim=\dimen168
\Hy@linkcounter=\count281
\Hy@pagecounter=\count282
(/usr/share/texlive/texmf-dist/tex/latex/hyperref/pd1enc.def
File: pd1enc.def 2024-01-20 v7.01h Hyperref: PDFDocEncoding definition (HO)
Now handling font encoding PD1 ...
... no UTF-8 mapping file for font encoding PD1
)
(/usr/share/texlive/texmf-dist/tex/generic/intcalc/intcalc.sty
Package: intcalc 2019/12/15 v1.3 Expandable calculations with integers (HO)
)
\Hy@SavedSpaceFactor=\count283

(/usr/share/texlive/texmf-dist/tex/latex/hyperref/puenc.def
File: puenc.def 2024-01-20 v7.01h Hyperref: PDF Unicode definition (HO)
Now handling font encoding PU ...
... no UTF-8 mapping file for font encoding PU
)
Package hyperref Info: Hyper figures OFF on input line 4179.
Package hyperref Info: Link nesting OFF on input line 4184.
Package hyperref Info: Hyper index ON on input line 4187.
Package hyperref Info: Plain pages OFF on input line 4194.
Package hyperref Info: Backreferencing OFF on input line 4199.
Package hyperref Info: Implicit mode ON; LaTeX internals redefined.
Package hyperref Info: Bookmarks ON on input line 4446.
\c@Hy@tempcnt=\count284
LaTeX Info: Redefining \url on input line 4784.
\XeTeXLinkMargin=\dimen169

(/usr/share/texlive/texmf-dist/tex/generic/bitset/bitset.sty
Package: bitset 2019/12/09 v1.3 Handle bit-vector datatype (HO)

(/usr/share/texlive/texmf-dist/tex/generic/bigintcalc/bigintcalc.sty
Package: bigintcalc 2019/12/15 v1.5 Expandable calculations on big integers (HO
)
))
\Fld@menulength=\count285
\Field@Width=\dimen170
\Fld@charsize=\dimen171
Package hyperref Info: Hyper figures OFF on input line 6063.
Package hyperref Info: Link nesting OFF on input line 6068.
Package hyperref Info: Hyper index ON on input line 6071.
Package hyperref Info: backreferencing OFF on input line 6078.
Package hyperref Info: Link coloring OFF on input line 6083.
Package hyperref Info: Link coloring with OCG OFF on input line 6088.
Package hyperref Info: PDF/A mode OFF on input line 6093.

(/usr/share/texlive/texmf-dist/tex/latex/base/atbegshi-ltx.sty
Package: atbegshi-ltx 2021/01/10 v1.0c Emulation of the original atbegshi
package with kernel methods
)
\Hy@abspage=\count286
\c@Item=\count287
\c@Hfootnote=\count288
)
Package hyperref Info: Driver (autodetected): hpdftex.

(/usr/share/texlive/texmf-dist/tex/latex/hyperref/hpdftex.def
File: hpdftex.def 2024-01-20 v7.01h Hyperref driver for pdfTeX

(/usr/share/texlive/texmf-dist/tex/latex/base/atveryend-ltx.sty
Package: atveryend-ltx 2020/08/19 v1.0a Emulation of the original atveryend pac
kage
with kernel methods
)
\Fld@listcount=\count289
\c@bookmark@seq@number=\count290

(/usr/share/texlive/texmf-dist/tex/latex/rerunfilecheck/rerunfilecheck.sty
Package: rerunfilecheck 2022-07-10 v1.10 Rerun checks for auxiliary files (HO)

(/usr/share/texlive/texmf-dist/tex/generic/uniquecounter/uniquecounter.sty
Package: uniquecounter 2019/12/15 v1.4 Provide unlimited unique counter (HO)
)
Package uniquecounter Info: New unique counter `rerunfilecheck' on input line 2
85.
)
\Hy@SectionHShift=\skip55
)

! LaTeX Error: File `xcolor.sty' not found.

Type X to quit or <RETURN> to proceed,
or enter new name. (Default extension: sty)

Enter file name: 

! LaTeX Error: File `csquotes.sty' not found.

Type X to quit or <RETURN> to proceed,
or enter new name. (Default extension: sty)

Enter file name: 

! LaTeX Error: File `fancybox.sty' not found.

Type X to quit or <RETURN> to proceed,
or enter new name. (Default extension: sty)

Enter file name: 
! Undefined control sequence.
l.27 \newfloat
              {code}{htbp}{lop}
? 

! LaTeX Error: Missing \begin{document}.

See the LaTeX manual or LaTeX Companion for explanation.
Type  H <return>  for immediate help.
 ...                                              
                                                  
l.27 \newfloat{c
                ode}{htbp}{lop}
? 
! Undefined control sequence.
l.28 \floatname
               {code}{Code}
? 
! Undefined control sequence.
l.29 \DeclareCaptionSubType
                           {code}
? 
! Undefined control sequence.
l.32 \lst@Key
             {matchrangestart}{f}{\lstKV@SetIf{#1}\lst@ifmatchrangestart}
? 

! LaTeX Error: Missing \begin{document}.

See the LaTeX manual or LaTeX Companion for explanation.
Type  H <return>  for immediate help.
 ...                                              
                                                  
l.32 \lst@Key{m
               atchrangestart}{f}{\lstKV@SetIf{#1}\lst@ifmatchrangestart}
? 
! Undefined control sequence.
l.32 \lst@Key{matchrangestart}{f}{\lstKV@SetIf
                                              {#1}\lst@ifmatchrangestart}
? 
! You can't use `macro parameter character #' in horizontal mode.
l.32 \lst@Key{matchrangestart}{f}{\lstKV@SetIf{#
                                                1}\lst@ifmatchrangestart}
? 
! Undefined control sequence.
l.32 ...{f}{\lstKV@SetIf{#1}\lst@ifmatchrangestart
                                                  }
? 

! LaTeX Error: File `biblatex.sty' not found.

Type X to quit or <RETURN> to proceed,
or enter new name. (Default extension: sty)

Enter file name: 
! Undefined control sequence.
<recently read> \addbibresource 
                                
l.56 \addbibresource
                    {report/biblio.bib}
? 

! LaTeX Error: Missing \begin{document}.

See the LaTeX manual or LaTeX Companion for explanation.
Type  H <return>  for immediate help.
 ...                                              
                                                  
l.56 \addbibresource{r
                      eport/biblio.bib}
? 
! Undefined control sequence.
l.58 \definecolor
                 {codegreen}{rgb}{0,0.6,0}
? 

! LaTeX Error: Missing \begin{document}.

See the LaTeX manual or LaTeX Companion for explanation.
Type  H <return>  for immediate help.
 ...                                              
                                                  
l.58 \definecolor{c
                   odegreen}{rgb}{0,0.6,0}
? 
! Undefined control sequence.
l.59 \definecolor
                 {codegray}{rgb}{0.5,0.5,0.5}
? 
! Undefined control sequence.
l.60 \definecolor
                 {codepurple}{rgb}{0.58,0,0.82}
? 
! Undefined control sequence.
l.61 \definecolor
                 {backcolour}{rgb}{1,1,1}
? 
! Undefined control sequence.
l.62 \definecolor
                 {orange}{rgb}{1, 0.65, 0}
? 
! Undefined control sequence.
l.65 \lstdefinestyle
                    {common}{
? 

! LaTeX Error: Missing \begin{document}.

See the LaTeX manual or LaTeX Companion for explanation.
Type  H <return>  for immediate help.
 ...                                              
                                                  
l.65 \lstdefinestyle{c
                      ommon}{
? 
LaTeX Font Info:    Trying to load font information for T1+cmtt on input line 6
6.
(/usr/share/texlive/texmf-dist/tex/latex/base/t1cmtt.fd
File: t1cmtt.fd 2023/04/13 v2.5m Standard LaTeX font definitions
)
! Undefined control sequence.
l.69 \lstdefinestyle
                    {boxed}{
? 

! LaTeX Error: Missing \begin{document}.

See the LaTeX manual or LaTeX Companion for explanation.
Type  H <return>  for immediate help.
 ...                                              
                                                  
l.69 \lstdefinestyle{b
                      oxed}{
? 
! Undefined control sequence.
l.72   keywordstyle=\color
                          {orange},% core keywords <<<<<
? 
! Undefined control sequence.
l.73   keywordstyle={[2]\color
                              {codepurple}}, % built-ins <<<<
? 
! Undefined control sequence.
l.74   backgroundcolor=\color
                             {backcolour},
? 
! Undefined control sequence.
l.75   commentstyle=\color
                          {red},
? 
! Undefined control sequence.
l.76   numberstyle=\tiny\color
                              {codegray},
? 
! Undefined control sequence.
l.77   stringstyle=\color
                         {codegreen},
? 

Overfull \hbox (50.43488pt too wide) in paragraph at lines 69--86
[]\T1/cmr/m/n/10 boxed style=common, frame=single, key-word-style=orange,keywor
dstyle=[2]codepurple,
 []


Overfull \hbox (31.64413pt too wide) in paragraph at lines 69--86
\T1/cmr/m/n/10 back-ground-color=backcolour, com-mentstyle=red, num-ber-style=\
T1/cmr/m/n/5 codegray, stringstyle=codegreen,
 []

! Undefined control sequence.
l.87 \lstdefinestyle
                    {asciiart}{
? 

! LaTeX Error: Missing \begin{document}.

See the LaTeX manual or LaTeX Companion for explanation.
Type  H <return>  for immediate help.
 ...                                              
                                                  
l.87 \lstdefinestyle{a
                      sciiart}{
? 
! Undefined control sequence.
l.94 \lstdefinestyle
                    {C}{
? 

! LaTeX Error: Missing \begin{document}.

See the LaTeX manual or LaTeX Companion for explanation.
Type  H <return>  for immediate help.
 ...                                              
                                                  
l.94 \lstdefinestyle{C
                      }{
? 
! Undefined control sequence.
<recently read> \lstname 
                         
l.97   title=\texttt{\lstname}
                              ,
? 
! Undefined control sequence.
l.101 \lstdefinestyle
                     {tex}{
? 

! LaTeX Error: Missing \begin{document}.

See the LaTeX manual or LaTeX Companion for explanation.
Type  H <return>  for immediate help.
 ...                                              
                                                  
l.101 \lstdefinestyle{t
                       ex}{
? 
! Undefined control sequence.
<recently read> \lstname 
                         
l.104   title=\texttt{\lstname}
                               ,
? 
Package hyperref Info: Option `colorlinks' set `true' on input line 125.
) (/usr/share/texlive/texmf-dist/tex/latex/l3backend/l3backend-pdftex.def
File: l3backend-pdftex.def 2024-01-04 L3 backend support: PDF output (pdfTeX)
\l__color_backend_stack_int=\count291
\l__pdf_internal_box=\box55
)
(report/build/report.aux)
\openout1 = `report.aux'.

LaTeX Font Info:    Checking defaults for OML/cmm/m/it on input line 11.
LaTeX Font Info:    ... okay on input line 11.
LaTeX Font Info:    Checking defaults for OMS/cmsy/m/n on input line 11.
LaTeX Font Info:    ... okay on input line 11.
LaTeX Font Info:    Checking defaults for OT1/cmr/m/n on input line 11.
LaTeX Font Info:    ... okay on input line 11.
LaTeX Font Info:    Checking defaults for T1/cmr/m/n on input line 11.
LaTeX Font Info:    ... okay on input line 11.
LaTeX Font Info:    Checking defaults for TS1/cmr/m/n on input line 11.
LaTeX Font Info:    ... okay on input line 11.
LaTeX Font Info:    Checking defaults for OMX/cmex/m/n on input line 11.
LaTeX Font Info:    ... okay on input line 11.
LaTeX Font Info:    Checking defaults for U/cmr/m/n on input line 11.
LaTeX Font Info:    ... okay on input line 11.
LaTeX Font Info:    Checking defaults for PD1/pdf/m/n on input line 11.
LaTeX Font Info:    ... okay on input line 11.
LaTeX Font Info:    Checking defaults for PU/pdf/m/n on input line 11.
LaTeX Font Info:    ... okay on input line 11.

(/usr/share/texlive/texmf-dist/tex/context/base/mkii/supp-pdf.mkii
[Loading MPS to PDF converter (version 2006.09.02).]
\scratchcounter=\count292
\scratchdimen=\dimen172
\scratchbox=\box56
\nofMPsegments=\count293
\nofMParguments=\count294
\everyMPshowfont=\toks28
\MPscratchCnt=\count295
\MPscratchDim=\dimen173
\MPnumerator=\count296
\makeMPintoPDFobject=\count297
\everyMPtoPDFconversion=\toks29
) (/usr/share/texlive/texmf-dist/tex/latex/epstopdf-pkg/epstopdf-base.sty
Package: epstopdf-base 2020-01-24 v2.11 Base part for package epstopdf
Package epstopdf-base Info: Redefining graphics rule for `.eps' on input line 4
85.

(/usr/share/texlive/texmf-dist/tex/latex/latexconfig/epstopdf-sys.cfg
File: epstopdf-sys.cfg 2010/07/13 v1.3 Configuration of (r)epstopdf for TeX Liv
e
))
*geometry* driver: auto-detecting
*geometry* detected driver: pdftex
*geometry* verbose mode - [ preamble ] result:
* driver: pdftex
* paper: a4paper
* layout: <same size as paper>
* layoutoffset:(h,v)=(0.0pt,0.0pt)
* modes: 
* h-part:(L,W,R)=(56.9055pt, 483.69687pt, 56.9055pt)
* v-part:(T,H,B)=(56.9055pt, 731.23584pt, 56.9055pt)
* \paperwidth=597.50787pt
* \paperheight=845.04684pt
* \textwidth=483.69687pt
* \textheight=731.23584pt
* \oddsidemargin=-15.36449pt
* \evensidemargin=-15.36449pt
* \topmargin=-52.36449pt
* \headheight=12.0pt
* \headsep=25.0pt
* \topskip=10.0pt
* \footskip=30.0pt
* \marginparwidth=57.0pt
* \marginparsep=11.0pt
* \columnsep=10.0pt
* \skip\footins=9.0pt plus 4.0pt minus 2.0pt
* \hoffset=0.0pt
* \voffset=0.0pt
* \mag=1000
* \@twocolumnfalse
* \@twosidefalse
* \@mparswitchfalse
* \@reversemarginfalse
* (1in=72.27pt=25.4mm, 1cm=28.453pt)

! Undefined control sequence.
<argument> \ifpatchable 
                        \@thm {\refstepcounter } {\patchcmd \@thm {\refstepc...
l.11 \begin{document}
                     
? 
! Missing \endcsname inserted.
<to be read again> 
                   \protect 
l.11 \begin{document}
                     
? 

! Missing \endcsname inserted.
<to be read again> 
                   \csname\endcsname 
l.11 \begin{document}
                     
? 
! Missing \endcsname inserted.
<to be read again> 
                   \csname\endcsname 
l.11 \begin{document}
                     
? 
! Missing \endcsname inserted.
<to be read again> 
                   \csname\endcsname 
l.11 \begin{document}
                     
? 
! Missing \endcsname inserted.
<to be read again> 
                   \begingroup 
l.11 \begin{document}
                     
? 
! Missing \endcsname inserted.
<to be read again> 
                   \csname\endcsname 
l.11 \begin{document}
                     
? 
! Missing \endcsname inserted.
<to be read again> 
                   \csname\endcsname 
l.11 \begin{document}
                     
? 
! Missing \endcsname inserted.
<to be read again> 
                   \csname\endcsname 
l.11 \begin{document}
                     
? 
! Missing \endcsname inserted.
<to be read again> 
                   \begingroup 
l.11 \begin{document}
                     
? 
! Missing \endcsname inserted.
<to be read again> 
                   \csname\endcsname 
l.11 \begin{document}
                     
? 
! Missing \endcsname inserted.
<to be read again> 
                   \csname\endcsname 
l.11 \begin{document}
                     
? 
! Missing \endcsname inserted.
<to be read again> 
                   \csname\endcsname 
l.11 \begin{document}
                     
? 
! Missing \endcsname inserted.
<to be read again> 
                   \begingroup 
l.11 \begin{document}
                     
? 
! Missing \endcsname inserted.
<to be read again> 
                   \csname\endcsname 
l.11 \begin{document}
                     
? 
! Missing \endcsname inserted.
<to be read again> 
                   \csname\endcsname 
l.11 \begin{document}
                     
? 
! Missing \endcsname inserted.
<to be read again> 
                   \csname\endcsname 
l.11 \begin{document}
                     
? 
! Missing \endcsname inserted.
<to be read again> 
                   \begingroup 
l.11 \begin{document}
                     
? 
! Missing \endcsname inserted.
<to be read again> 
                   \csname\endcsname 
l.11 \begin{document}
                     
? 
! Missing \endcsname inserted.
<to be read again> 
                   \csname\endcsname 
l.11 \begin{document}
                     
? 
! Missing \endcsname inserted.
<to be read again> 
                   \csname\endcsname 
l.11 \begin{document}
                     
? 
! Missing \endcsname inserted.
<to be read again> 
                   \begingroup 
l.11 \begin{document}
                     
? 
! Missing \endcsname inserted.
<to be read again> 
                   \csname\endcsname 
l.11 \begin{document}
                     
? 
! Missing \endcsname inserted.
<to be read again> 
                   \csname\endcsname 
l.11 \begin{document}
                     
? 
! Missing \endcsname inserted.
<to be read again> 
                   \csname\endcsname 
l.11 \begin{document}
                     
? 
! Missing \endcsname inserted.
<to be read again> 
                   \begingroup 
l.11 \begin{document}
                     
? 
! Missing \endcsname inserted.
<to be read again> 
                   \csname\endcsname 
l.11 \begin{document}
                     
? 
! Missing \endcsname inserted.
<to be read again> 
                   \csname\endcsname 
l.11 \begin{document}
                     
? 
! Missing \endcsname inserted.
<to be read again> 
                   \csname\endcsname 
l.11 \begin{document}
                     
? 
! Missing \endcsname inserted.
<to be read again> 
                   \begingroup 
l.11 \begin{document}
                     
? 
! Missing \endcsname inserted.
<to be read again> 
                   \csname\endcsname 
l.11 \begin{document}
                     
? 
! Missing \endcsname inserted.
<to be read again> 
                   \csname\endcsname 
l.11 \begin{document}
                     
? 
! Missing \endcsname inserted.
<to be read again> 
                   \csname\endcsname 
l.11 \begin{document}
                     
? 
! Missing \endcsname inserted.
<to be read again> 
                   \begingroup 
l.11 \begin{document}
                     
? 
! Missing \endcsname inserted.
<to be read again> 
                   \csname\endcsname 
l.11 \begin{document}
                     
? 
! Missing \endcsname inserted.
<to be read again> 
                   \csname\endcsname 
l.11 \begin{document}
                     
? 
! Missing \endcsname inserted.
<to be read again> 
                   \csname\endcsname 
l.11 \begin{document}
                     
? 
! Missing \endcsname inserted.
<to be read again> 
                   \begingroup 
l.11 \begin{document}
                     
? 
! Missing \endcsname inserted.
<to be read again> 
                   \csname\endcsname 
l.11 \begin{document}
                     
? 
! Missing \endcsname inserted.
<to be read again> 
                   \csname\endcsname 
l.11 \begin{document}
                     
? 
! Missing \endcsname inserted.
<to be read again> 
                   \csname\endcsname 
l.11 \begin{document}
                     
? 
! Missing \endcsname inserted.
<to be read again> 
                   \begingroup 
l.11 \begin{document}
                     
? 
! Missing \endcsname inserted.
<to be read again> 
                   \csname\endcsname 
l.11 \begin{document}
                     
? 
! Missing \endcsname inserted.
<to be read again> 
                   \csname\endcsname 
l.11 \begin{document}
                     
? 
! Missing \endcsname inserted.
<to be read again> 
                   \csname\endcsname 
l.11 \begin{document}
                     
? 
! Missing \endcsname inserted.
<to be read again> 
                   \begingroup 
l.11 \begin{document}
                     
? 
! Missing \endcsname inserted.
<to be read again> 
                   \csname\endcsname 
l.11 \begin{document}
                     
? 
! Missing \endcsname inserted.
<to be read again> 
                   \csname\endcsname 
l.11 \begin{document}
                     
? 
! Missing \endcsname inserted.
<to be read again> 
                   \csname\endcsname 
l.11 \begin{document}
                     
? 
! Missing \endcsname inserted.
<to be read again> 
                   \begingroup 
l.11 \begin{document}
                     
? 
! Missing \endcsname inserted.
<to be read again> 
                   \csname\endcsname 
l.11 \begin{document}
                     
? 
! Missing \endcsname inserted.
<to be read again> 
                   \csname\endcsname 
l.11 \begin{document}
                     
? 
! Missing \endcsname inserted.
<to be read again> 
                   \csname\endcsname 
l.11 \begin{document}
                     
? 
! Missing \endcsname inserted.
<to be read again> 
                   \begingroup 
l.11 \begin{document}
                     
? 
! Missing \endcsname inserted.
<to be read again> 
                   \csname\endcsname 
l.11 \begin{document}
                     
? 
! Missing \endcsname inserted.
<to be read again> 
                   \csname\endcsname 
l.11 \begin{document}
                     
? 
! Missing \endcsname inserted.
<to be read again> 
                   \csname\endcsname 
l.11 \begin{document}
                     
? 
! Missing \endcsname inserted.
<to be read again> 
                   \begingroup 
l.11 \begin{document}
                     
? 
! Missing \endcsname inserted.
<to be read again> 
                   \csname\endcsname 
l.11 \begin{document}
                     
? 
! Missing \endcsname inserted.
<to be read again> 
                   \csname\endcsname 
l.11 \begin{document}
                     
? 
! Missing \endcsname inserted.
<to be read again> 
                   \csname\endcsname 
l.11 \begin{document}
                     
? 
! Missing \endcsname inserted.
<to be read again> 
                   \begingroup 
l.11 \begin{document}
                     
? 
! Missing \endcsname inserted.
<to be read again> 
                   \csname\endcsname 
l.11 \begin{document}
                     
? 
! Missing \endcsname inserted.
<to be read again> 
                   \csname\endcsname 
l.11 \begin{document}
                     
? 
! Missing \endcsname inserted.
<to be read again> 
                   \csname\endcsname 
l.11 \begin{document}
                     
? 
! Missing \endcsname inserted.
<to be read again> 
                   \begingroup 
l.11 \begin{document}
                     
? 
! Missing \endcsname inserted.
<to be read again> 
                   \csname\endcsname 
l.11 \begin{document}
                     
? 
! Missing \endcsname inserted.
<to be read again> 
                   \csname\endcsname 
l.11 \begin{document}
                     
? 
! Missing \endcsname inserted.
<to be read again> 
                   \csname\endcsname 
l.11 \begin{document}
                     
? 
! Missing \endcsname inserted.
<to be read again> 
                   \begingroup 
l.11 \begin{document}
                     
? 
! Missing \endcsname inserted.
<to be read again> 
                   \csname\endcsname 
l.11 \begin{document}
                     
? 
! Missing \endcsname inserted.
<to be read again> 
                   \csname\endcsname 
l.11 \begin{document}
                     
? 
! Missing \endcsname inserted.
<to be read again> 
                   \csname\endcsname 
l.11 \begin{document}
                     
? 
! Missing \endcsname inserted.
<to be read again> 
                   \begingroup 
l.11 \begin{document}
                     
? 
! Missing \endcsname inserted.
<to be read again> 
                   \csname\endcsname 
l.11 \begin{document}
                     
? 
! Missing \endcsname inserted.
<to be read again> 
                   \csname\endcsname 
l.11 \begin{document}
                     
? 
! Missing \endcsname inserted.
<to be read again> 
                   \csname\endcsname 
l.11 \begin{document}
                     
? 
! Missing \endcsname inserted.
<to be read again> 
                   \begingroup 
l.11 \begin{document}
                     
? 
! Missing \endcsname inserted.
<to be read again> 
                   \csname\endcsname 
l.11 \begin{document}
                     
? 
! Missing \endcsname inserted.
<to be read again> 
                   \csname\endcsname 
l.11 \begin{document}
                     
? 
! Missing \endcsname inserted.
<to be read again> 
                   \csname\endcsname 
l.11 \begin{document}
                     
? 
! Missing \endcsname inserted.
<to be read again> 
                   \begingroup 
l.11 \begin{document}
                     
? 
! Missing \endcsname inserted.
<to be read again> 
                   \csname\endcsname 
l.11 \begin{document}
                     
? 
! Missing \endcsname inserted.
<to be read again> 
                   \csname\endcsname 
l.11 \begin{document}
                     
? 
! Missing \endcsname inserted.
<to be read again> 
                   \csname\endcsname 
l.11 \begin{document}
                     
? 
! Missing \endcsname inserted.
<to be read again> 
                   \begingroup 
l.11 \begin{document}
                     
? 
! Missing \endcsname inserted.
<to be read again> 
                   \csname\endcsname 
l.11 \begin{document}
                     
? 
! Missing \endcsname inserted.
<to be read again> 
                   \csname\endcsname 
l.11 \begin{document}
                     
? 
! Missing \endcsname inserted.
<to be read again> 
                   \csname\endcsname 
l.11 \begin{document}
                     
? 
! Missing \endcsname inserted.
<to be read again> 
                   \begingroup 
l.11 \begin{document}
                     
? 
! Missing \endcsname inserted.
<to be read again> 
                   \csname\endcsname 
l.11 \begin{document}
                     
? 
! Missing \endcsname inserted.
<to be read again> 
                   \csname\endcsname 
l.11 \begin{document}
                     
? 
! Missing \endcsname inserted.
<to be read again> 
                   \csname\endcsname 
l.11 \begin{document}
                     
? 
! Missing \endcsname inserted.
<to be read again> 
                   \begingroup 
l.11 \begin{document}
                     
? 
! Missing \endcsname inserted.
<to be read again> 
                   \csname\endcsname 
l.11 \begin{document}
                     
? 
! Missing \endcsname inserted.
<to be read again> 
                   \csname\endcsname 
l.11 \begin{document}
                     
? 
! Missing \endcsname inserted.
<to be read again> 
                   \csname\endcsname 
l.11 \begin{document}
                     
? 
! Missing \endcsname inserted.
<to be read again> 
                   \begingroup 
l.11 \begin{document}
                     
? 
! Missing \endcsname inserted.
<to be read again> 
                   \csname\endcsname 
l.11 \begin{document}
                     
? 
! Missing \endcsname inserted.
<to be read again> 
                   \csname\endcsname 
l.11 \begin{document}
                     
? 
! Missing \endcsname inserted.
<to be read again> 
                   \csname\endcsname 
l.11 \begin{document}
                     
? 
! Missing \endcsname inserted.
<to be read again> 
                   \begingroup 
l.11 \begin{document}
                     
? 
! Missing \endcsname inserted.
<to be read again> 
                   \csname\endcsname 
l.11 \begin{document}
                     
? 
! Missing \endcsname inserted.
<to be read again> 
                   \csname\endcsname 
l.11 \begin{document}
                     
? 
! Missing \endcsname inserted.
<to be read again> 
                   \csname\endcsname 
l.11 \begin{document}
                     
? 
! Missing \endcsname inserted.
<to be read again> 
                   \begingroup 
l.11 \begin{document}
                     
? 
! Missing \endcsname inserted.
<to be read again> 
                   \csname\endcsname 
l.11 \begin{document}
                     
? 
! Missing \endcsname inserted.
<to be read again> 
                   \csname\endcsname 
l.11 \begin{document}
                     
? 
! Missing \endcsname inserted.
<to be read again> 
                   \csname\endcsname 
l.11 \begin{document}
                     
? 
! Missing \endcsname inserted.
<to be read again> 
                   \begingroup 
l.11 \begin{document}
                     
? 
! Missing \endcsname inserted.
<to be read again> 
                   \csname\endcsname 
l.11 \begin{document}
                     
? 
! Missing \endcsname inserted.
<to be read again> 
                   \csname\endcsname 
l.11 \begin{document}
                     
? 
! Missing \endcsname inserted.
<to be read again> 
                   \csname\endcsname 
l.11 \begin{document}
                     
? 
! Missing \endcsname inserted.
<to be read again> 
                   \begingroup 
l.11 \begin{document}
                     
? 
! Missing \endcsname inserted.
<to be read again> 
                   \csname\endcsname 
l.11 \begin{document}
                     
? 
! Missing \endcsname inserted.
<to be read again> 
                   \csname\endcsname 
l.11 \begin{document}
                     
? 
! Missing \endcsname inserted.
<to be read again> 
                   \csname\endcsname 
l.11 \begin{document}
                     
? 
! Missing \endcsname inserted.
<to be read again> 
                   \begingroup 
l.11 \begin{document}
                     
? 
! Missing \endcsname inserted.
<to be read again> 
                   \csname\endcsname 
l.11 \begin{document}
                     
? 
! Missing \endcsname inserted.
<to be read again> 
                   \csname\endcsname 
l.11 \begin{document}
                     
? 
! Missing \endcsname inserted.
<to be read again> 
                   \csname\endcsname 
l.11 \begin{document}
                     
? 
! Missing \endcsname inserted.
<to be read again> 
                   \begingroup 
l.11 \begin{document}
                     
? 
! Missing \endcsname inserted.
<to be read again> 
                   \csname\endcsname 
l.11 \begin{document}
                     
? 
! Missing \endcsname inserted.
<to be read again> 
                   \csname\endcsname 
l.11 \begin{document}
                     
? 
! Missing \endcsname inserted.
<to be read again> 
                   \csname\endcsname 
l.11 \begin{document}
                     
? 
! Missing \endcsname inserted.
<to be read again> 
                   \begingroup 
l.11 \begin{document}
                     
? 
! Missing \endcsname inserted.
<to be read again> 
                   \csname\endcsname 
l.11 \begin{document}
                     
? 
! Missing \endcsname inserted.
<to be read again> 
                   \csname\endcsname 
l.11 \begin{document}
                     
? 
! Missing \endcsname inserted.
<to be read again> 
                   \csname\endcsname 
l.11 \begin{document}
                     
? 
! Missing \endcsname inserted.
<to be read again> 
                   \begingroup 
l.11 \begin{document}
                     
? 
! Missing \endcsname inserted.
<to be read again> 
                   \csname\endcsname 
l.11 \begin{document}
                     
? 
! Missing \endcsname inserted.
<to be read again> 
                   \csname\endcsname 
l.11 \begin{document}
                     
? 
! Missing \endcsname inserted.
<to be read again> 
                   \csname\endcsname 
l.11 \begin{document}
                     
? 
! Missing \endcsname inserted.
<to be read again> 
                   \begingroup 
l.11 \begin{document}
                     
? 
! Missing \endcsname inserted.
<to be read again> 
                   \csname\endcsname 
l.11 \begin{document}
                     
? 
! Missing \endcsname inserted.
<to be read again> 
                   \csname\endcsname 
l.11 \begin{document}
                     
? 
! Missing \endcsname inserted.
<to be read again> 
                   \csname\endcsname 
l.11 \begin{document}
                     
? 
! Missing \endcsname inserted.
<to be read again> 
                   \begingroup 
l.11 \begin{document}
                     
? 
! Missing \endcsname inserted.
<to be read again> 
                   \csname\endcsname 
l.11 \begin{document}
                     
? 
! Missing \endcsname inserted.
<to be read again> 
                   \csname\endcsname 
l.11 \begin{document}
                     
? 
! Missing \endcsname inserted.
<to be read again> 
                   \csname\endcsname 
l.11 \begin{document}
                     
? 
! Missing \endcsname inserted.
<to be read again> 
                   \begingroup 
l.11 \begin{document}
                     
? 
! Missing \endcsname inserted.
<to be read again> 
                   \csname\endcsname 
l.11 \begin{document}
                     
? 
! Missing \endcsname inserted.
<to be read again> 
                   \csname\endcsname 
l.11 \begin{document}
                     
? 
! Missing \endcsname inserted.
<to be read again> 
                   \csname\endcsname 
l.11 \begin{document}
                     
? 
! Missing \endcsname inserted.
<to be read again> 
                   \begingroup 
l.11 \begin{document}
                     
? 
! Missing \endcsname inserted.
<to be read again> 
                   \csname\endcsname 
l.11 \begin{document}
                     
? 
! Missing \endcsname inserted.
<to be read again> 
                   \csname\endcsname 
l.11 \begin{document}
                     
? 
! Missing \endcsname inserted.
<to be read again> 
                   \csname\endcsname 
l.11 \begin{document}
                     
? 
! Missing \endcsname inserted.
<to be read again> 
                   \begingroup 
l.11 \begin{document}
                     
? 
! Missing \endcsname inserted.
<to be read again> 
                   \csname\endcsname 
l.11 \begin{document}
                     
? 
! Missing \endcsname inserted.
<to be read again> 
                   \csname\endcsname 
l.11 \begin{document}
                     
? 
! Missing \endcsname inserted.
<to be read again> 
                   \csname\endcsname 
l.11 \begin{document}
                     
? 
! Missing \endcsname inserted.
<to be read again> 
                   \begingroup 
l.11 \begin{document}
                     
? 
! Missing \endcsname inserted.
<to be read again> 
                   \csname\endcsname 
l.11 \begin{document}
                     
? 
! Missing \endcsname inserted.
<to be read again> 
                   \csname\endcsname 
l.11 \begin{document}
                     
? 
! Missing \endcsname inserted.
<to be read again> 
                   \csname\endcsname 
l.11 \begin{document}
                     
? 
! Missing \endcsname inserted.
<to be read again> 
                   \begingroup 
l.11 \begin{document}
                     
? 
! Missing \endcsname inserted.
<to be read again> 
                   \csname\endcsname 
l.11 \begin{document}
                     
? 
! Missing \endcsname inserted.
<to be read again> 
                   \csname\endcsname 
l.11 \begin{document}
                     
? 
! Missing \endcsname inserted.
<to be read again> 
                   \csname\endcsname 
l.11 \begin{document}
                     
? 
! Missing \endcsname inserted.
<to be read again> 
                   \begingroup 
l.11 \begin{document}
                     
? 
! Missing \endcsname inserted.
<to be read again> 
                   \csname\endcsname 
l.11 \begin{document}
                     
? 
! Missing \endcsname inserted.
<to be read again> 
                   \csname\endcsname 
l.11 \begin{document}
                     
? 
! Missing \endcsname inserted.
<to be read again> 
                   \csname\endcsname 
l.11 \begin{document}
                     
? 
! Missing \endcsname inserted.
<to be read again> 
                   \begingroup 
l.11 \begin{document}
                     
? 
! Missing \endcsname inserted.
<to be read again> 
                   \csname\endcsname 
l.11 \begin{document}
                     
? 
! Missing \endcsname inserted.
<to be read again> 
                   \csname\endcsname 
l.11 \begin{document}
                     
? 
! Missing \endcsname inserted.
<to be read again> 
                   \csname\endcsname 
l.11 \begin{document}
                     
? 
! Missing \endcsname inserted.
<to be read again> 
                   \begingroup 
l.11 \begin{document}
                     
? 
! Missing \endcsname inserted.
<to be read again> 
                   \csname\endcsname 
l.11 \begin{document}
                     
? 
! Missing \endcsname inserted.
<to be read again> 
                   \csname\endcsname 
l.11 \begin{document}
                     
? 
! Missing \endcsname inserted.
<to be read again> 
                   \csname\endcsname 
l.11 \begin{document}
                     
? 
! Missing \endcsname inserted.
<to be read again> 
                   \begingroup 
l.11 \begin{document}
                     
? 
! Missing \endcsname inserted.
<to be read again> 
                   \csname\endcsname 
l.11 \begin{document}
                     
? 
! Missing \endcsname inserted.
<to be read again> 
                   \csname\endcsname 
l.11 \begin{document}
                     
? 
! Missing \endcsname inserted.
<to be read again> 
                   \csname\endcsname 
l.11 \begin{document}
                     
? 
! Missing \endcsname inserted.
<to be read again> 
                   \begingroup 
l.11 \begin{document}
                     
? 
! Missing \endcsname inserted.
<to be read again> 
                   \csname\endcsname 
l.11 \begin{document}
                     
? 
! Missing \endcsname inserted.
<to be read again> 
                   \csname\endcsname 
l.11 \begin{document}
                     
? 
! Missing \endcsname inserted.
<to be read again> 
                   \csname\endcsname 
l.11 \begin{document}
                     
? 
! Missing \endcsname inserted.
<to be read again> 
                   \begingroup 
l.11 \begin{document}
                     
? 
! Missing \endcsname inserted.
<to be read again> 
                   \csname\endcsname 
l.11 \begin{document}
                     
? 
! Missing \endcsname inserted.
<to be read again> 
                   \csname\endcsname 
l.11 \begin{document}
                     
? 
! Missing \endcsname inserted.
<to be read again> 
                   \csname\endcsname 
l.11 \begin{document}
                     
? 
! Missing \endcsname inserted.
<to be read again> 
                   \begingroup 
l.11 \begin{document}
                     
? 
! Missing \endcsname inserted.
<to be read again> 
                   \csname\endcsname 
l.11 \begin{document}
                     
? 
! Missing \endcsname inserted.
<to be read again> 
                   \csname\endcsname 
l.11 \begin{document}
                     
? 
! Missing \endcsname inserted.
<to be read again> 
                   \csname\endcsname 
l.11 \begin{document}
                     
? 
! Missing \endcsname inserted.
<to be read again> 
                   \begingroup 
l.11 \begin{document}
                     
? 
! Missing \endcsname inserted.
<to be read again> 
                   \csname\endcsname 
l.11 \begin{document}
                     
? 
! Missing \endcsname inserted.
<to be read again> 
                   \csname\endcsname 
l.11 \begin{document}
                     
? 
! Missing \endcsname inserted.
<to be read again> 
                   \csname\endcsname 
l.11 \begin{document}
                     
? 
! Missing \endcsname inserted.
<to be read again> 
                   \begingroup 
l.11 \begin{document}
                     
? 
! Missing \endcsname inserted.
<to be read again> 
                   \csname\endcsname 
l.11 \begin{document}
                     
? 
! Missing \endcsname inserted.
<to be read again> 
                   \csname\endcsname 
l.11 \begin{document}
                     
? 
! Missing \endcsname inserted.
<to be read again> 
                   \csname\endcsname 
l.11 \begin{document}
                     
? 
! Missing \endcsname inserted.
<to be read again> 
                   \begingroup 
l.11 \begin{document}
                     
? 
! Missing \endcsname inserted.
<to be read again> 
                   \csname\endcsname 
l.11 \begin{document}
                     
? 
! Missing \endcsname inserted.
<to be read again> 
                   \csname\endcsname 
l.11 \begin{document}
                     
? 
! Missing \endcsname inserted.
<to be read again> 
                   \csname\endcsname 
l.11 \begin{document}
                     
? 
! Missing \endcsname inserted.
<to be read again> 
                   \begingroup 
l.11 \begin{document}
                     
? 
! Missing \endcsname inserted.
<to be read again> 
                   \csname\endcsname 
l.11 \begin{document}
                     
? 
! Missing \endcsname inserted.
<to be read again> 
                   \csname\endcsname 
l.11 \begin{document}
                     
? 
! Missing \endcsname inserted.
<to be read again> 
                   \csname\endcsname 
l.11 \begin{document}
                     
? 
! Missing \endcsname inserted.
<to be read again> 
                   \begingroup 
l.11 \begin{document}
                     
? 
! Missing \endcsname inserted.
<to be read again> 
                   \csname\endcsname 
l.11 \begin{document}
                     
? 
! Missing \endcsname inserted.
<to be read again> 
                   \csname\endcsname 
l.11 \begin{document}
                     
? 
! Missing \endcsname inserted.
<to be read again> 
                   \csname\endcsname 
l.11 \begin{document}
                     
? 
! Missing \endcsname inserted.
<to be read again> 
                   \begingroup 
l.11 \begin{document}
                     
? 
! Missing \endcsname inserted.
<to be read again> 
                   \csname\endcsname 
l.11 \begin{document}
                     
? 
! Missing \endcsname inserted.
<to be read again> 
                   \csname\endcsname 
l.11 \begin{document}
                     
? 
! Missing \endcsname inserted.
<to be read again> 
                   \csname\endcsname 
l.11 \begin{document}
                     
? 
! Missing \endcsname inserted.
<to be read again> 
                   \begingroup 
l.11 \begin{document}
                     
? 
! Missing \endcsname inserted.
<to be read again> 
                   \csname\endcsname 
l.11 \begin{document}
                     
? 
! Missing \endcsname inserted.
<to be read again> 
                   \csname\endcsname 
l.11 \begin{document}
                     
? 
! Missing \endcsname inserted.
<to be read again> 
                   \csname\endcsname 
l.11 \begin{document}
                     
? 
! Missing \endcsname inserted.
<to be read again> 
                   \begingroup 
l.11 \begin{document}
                     
? 
! Missing \endcsname inserted.
<to be read again> 
                   \csname\endcsname 
l.11 \begin{document}
                     
? 
! Missing \endcsname inserted.
<to be read again> 
                   \csname\endcsname 
l.11 \begin{document}
                     
? 
! Missing \endcsname inserted.
<to be read again> 
                   \csname\endcsname 
l.11 \begin{document}
                     
? 
! Missing \endcsname inserted.
<to be read again> 
                   \begingroup 
l.11 \begin{document}
                     
? 
! Missing \endcsname inserted.
<to be read again> 
                   \csname\endcsname 
l.11 \begin{document}
                     
? 
! Missing \endcsname inserted.
<to be read again> 
                   \csname\endcsname 
l.11 \begin{document}
                     
? 
! Missing \endcsname inserted.
<to be read again> 
                   \csname\endcsname 
l.11 \begin{document}
                     
? 
! Missing \endcsname inserted.
<to be read again> 
                   \begingroup 
l.11 \begin{document}
                     
? 
! Missing \endcsname inserted.
<to be read again> 
                   \csname\endcsname 
l.11 \begin{document}
                     
? 
! Missing \endcsname inserted.
<to be read again> 
                   \csname\endcsname 
l.11 \begin{document}
                     
? 
! Missing \endcsname inserted.
<to be read again> 
                   \csname\endcsname 
l.11 \begin{document}
                     
? 
! Missing \endcsname inserted.
<to be read again> 
                   \begingroup 
l.11 \begin{document}
                     
? 
! Missing \endcsname inserted.
<to be read again> 
                   \csname\endcsname 
l.11 \begin{document}
                     
? 
! Missing \endcsname inserted.
<to be read again> 
                   \csname\endcsname 
l.11 \begin{document}
                     
? 
! Missing \endcsname inserted.
<to be read again> 
                   \csname\endcsname 
l.11 \begin{document}
                     
? 
! Missing \endcsname inserted.
<to be read again> 
                   \begingroup 
l.11 \begin{document}
                     
? 
! Missing \endcsname inserted.
<to be read again> 
                   \csname\endcsname 
l.11 \begin{document}
                     
? 
! Missing \endcsname inserted.
<to be read again> 
                   \csname\endcsname 
l.11 \begin{document}
                     
? 
! Missing \endcsname inserted.
<to be read again> 
                   \csname\endcsname 
l.11 \begin{document}
                     
? 
! Missing \endcsname inserted.
<to be read again> 
                   \begingroup 
l.11 \begin{document}
                     
? 
! Missing \endcsname inserted.
<to be read again> 
                   \csname\endcsname 
l.11 \begin{document}
                     
? 
! Missing \endcsname inserted.
<to be read again> 
                   \csname\endcsname 
l.11 \begin{document}
                     
? 
! Missing \endcsname inserted.
<to be read again> 
                   \csname\endcsname 
l.11 \begin{document}
                     
? 
! Missing \endcsname inserted.
<to be read again> 
                   \begingroup 
l.11 \begin{document}
                     
? 
! Missing \endcsname inserted.
<to be read again> 
                   \csname\endcsname 
l.11 \begin{document}
                     
? 
! Missing \endcsname inserted.
<to be read again> 
                   \csname\endcsname 
l.11 \begin{document}
                     
? 
! Missing \endcsname inserted.
<to be read again> 
                   \csname\endcsname 
l.11 \begin{document}
                     
? 
! Missing \endcsname inserted.
<to be read again> 
                   \begingroup 
l.11 \begin{document}
                     
? 
! Missing \endcsname inserted.
<to be read again> 
                   \csname\endcsname 
l.11 \begin{document}
                     
? 
! Missing \endcsname inserted.
<to be read again> 
                   \csname\endcsname 
l.11 \begin{document}
                     
? 
! Missing \endcsname inserted.
<to be read again> 
                   \csname\endcsname 
l.11 \begin{document}
                     
? 
! Missing \endcsname inserted.
<to be read again> 
                   \begingroup 
l.11 \begin{document}
                     
? 
! Missing \endcsname inserted.
<to be read again> 
                   \csname\endcsname 
l.11 \begin{document}
                     
? 
! Missing \endcsname inserted.
<to be read again> 
                   \csname\endcsname 
l.11 \begin{document}
                     
? 
! Missing \endcsname inserted.
<to be read again> 
                   \csname\endcsname 
l.11 \begin{document}
                     
? 
! Missing \endcsname inserted.
<to be read again> 
                   \begingroup 
l.11 \begin{document}
                     
? 
! Missing \endcsname inserted.
<to be read again> 
                   \csname\endcsname 
l.11 \begin{document}
                     
? 
! Missing \endcsname inserted.
<to be read again> 
                   \csname\endcsname 
l.11 \begin{document}
                     
? 
! Missing \endcsname inserted.
<to be read again> 
                   \csname\endcsname 
l.11 \begin{document}
                     
? 
! Missing \endcsname inserted.
<to be read again> 
                   \begingroup 
l.11 \begin{document}
                     
? 
! Missing \endcsname inserted.
<to be read again> 
                   \csname\endcsname 
l.11 \begin{document}
                     
? 
! Missing \endcsname inserted.
<to be read again> 
                   \csname\endcsname 
l.11 \begin{document}
                     
? 
! Missing \endcsname inserted.
<to be read again> 
                   \csname\endcsname 
l.11 \begin{document}
                     
? 
! Missing \endcsname inserted.
<to be read again> 
                   \begingroup 
l.11 \begin{document}
                     
? 
! Missing \endcsname inserted.
<to be read again> 
                   \csname\endcsname 
l.11 \begin{document}
                     
? 
! Missing \endcsname inserted.
<to be read again> 
                   \csname\endcsname 
l.11 \begin{document}
                     
? 
! Missing \endcsname inserted.
<to be read again> 
                   \csname\endcsname 
l.11 \begin{document}
                     
? 
! Missing \endcsname inserted.
<to be read again> 
                   \begingroup 
l.11 \begin{document}
                     
? 
! Missing \endcsname inserted.
<to be read again> 
                   \csname\endcsname 
l.11 \begin{document}
                     
? 
! Missing \endcsname inserted.
<to be read again> 
                   \csname\endcsname 
l.11 \begin{document}
                     
? 
! Missing \endcsname inserted.
<to be read again> 
                   \csname\endcsname 
l.11 \begin{document}
                     
? X
 
Here is how much of TeX's memory you used:
 10607 strings out of 476182
 165645 string characters out of 5795595
 1923975 words of memory out of 5000000
 32502 multiletter control sequences out of 15000+600000
 560988 words of font info for 41 fonts, out of 8000000 for 9000
 14 hyphenation exceptions out of 8191
 88i,1n,89p,267b,396s stack positions out of 10000i,1000n,20000p,200000b,200000s
No pages of output.
PDF statistics:
 0 PDF objects out of 1000 (max. 8388607)
 0 named destinations out of 1000 (max. 500000)
 1 words of extra memory for PDF output out of 10000 (max. 10000000)

